SUMMARY:
	ROM0: 1315 bytes used / 15069 free
	ROMX: 48109 bytes used / 1043 free in 3 banks
	WRAM0: 288 bytes used / 7904 free
	HRAM: 17 bytes used / 110 free

ROM0 bank #0:
	EMPTY: $0000-$003f ($0040 bytes)
	SECTION: $0040-$004a ($000b bytes) ["VBlankInt"]
	         $0040 = VBlankInt
	         $0049 = VBlankInt.end
	SECTION: $004b-$00b8 ($006e bytes) ["Strings"]
	         $004b = TxtDef_Title
	         $004e = TxtDef_Title.bin
	         $0057 = TxtDef_InstLR
	         $0057 = TxtDef_Title.end
	         $005a = TxtDef_InstLR.bin
	         $006c = TxtDef_InstA
	         $006c = TxtDef_InstLR.end
	         $006f = TxtDef_InstA.bin
	         $0078 = TxtDef_InstB
	         $0078 = TxtDef_InstA.end
	         $007b = TxtDef_InstB.bin
	         $0084 = TxtDef_InstIn
	         $0084 = TxtDef_InstB.end
	         $0087 = TxtDef_InstIn.bin
	         $0099 = TxtDef_InstOut
	         $0099 = TxtDef_InstIn.end
	         $009c = TxtDef_InstOut.bin
	         $00ad = TxtDef_SoundId
	         $00ad = TxtDef_InstOut.end
	         $00b0 = TxtDef_SoundId.bin
	         $00b9 = TxtDef_SoundId.end
	EMPTY: $00b9-$00ff ($0047 bytes)
	SECTION: $0100-$014f ($0050 bytes) ["EntryPoint"]
	SECTION: $0150-$0416 ($02c7 bytes) ["Font Writer from 95"]
	         $0150 = LoadGFX_1bppFont
	         $0159 = LoadGFX_1bppFont.fromColDef
	         $0161 = LoadGFX_1bppFont.tileLoop
	         $0164 = LoadGFX_1bppFont.lineLoop
	         $0171 = LoadGFX_1bppFont.bitLoop
	         $0174 = LoadGFX_1bppFont.useCol0
	         $017e = LoadGFX_1bppFont.useCol1
	         $0185 = LoadGFX_1bppFont.colDone
	         $018b = LoadGFX_1bppFont.waitVBlankOrHBlank__u1
	         $0196 = LoadGFX_1bppFont.waitVBlankOrHBlank__u2
	         $01aa = LoadGFX_1bppFont.mapCol
	         $01b7 = LoadGFX_1bppFont.other
	         $01c2 = LoadGFX_1bppFont.end
	         $01c3 = TextPrinter_Instant
	         $01c7 = TextPrinter_Instant_CustomPos
	         $01c9 = TextPrinter_Instant_CustomPos.loop
	         $01d3 = TextPrinter_Instant_CustomPos.waitVBlankOrHBlank__u3
	         $01e2 = NumberPrinter_Instant
	         $01f1 = NumberPrinter_Instant.writeDigit
	         $01f8 = NumberPrinter_Instant.waitVBlankOrHBlank__u4
	         $0202 = TextPrinter_CharsetToTileTbl
	         $0282 = TextPrinter_DigitToTileTbl
	         $0292 = FontDef_Default
	         $0295 = FontDef_Default.col
	         $0297 = FontDef_Default.gfx
	SECTION: $0417-$04d4 ($00be bytes) ["Main"]
	         $0417 = EntryPoint
	         $0474 = MainLoop
	         $0477 = MainLoop.wait
	         $047f = MainLoop.newFrame
	         $049e = MainLoop.decSel
	         $04a3 = MainLoop.incSel
	         $04a6 = MainLoop.setSel
	         $04ad = MainLoop.play
	         $04b5 = MainLoop.stop
	         $04bc = MainLoop.fadeIn
	         $04c3 = MainLoop.fadeOut
	         $04ca = MainLoop.callDrv
	         $04cf = SetSelInTilemap
	SECTION: $04d5-$053f ($006b bytes) ["Helpers"]
	         $04d5 = InitMemory
	         $04d5 = InitMemory.loop
	         $04dd = StopLCDOperation
	         $04ea = StopLCDOperation.wait
	         $04f6 = StopLCDOperation.end
	         $04f7 = StartLCDOperation
	         $0503 = JoyKeys_Get
	SECTION: $0540-$05a9 ($006a bytes) ["Sound Driver Interface for the player"]
	         $0540 = SoundInt_Init
	         $0554 = SoundInt_Do
	         $0568 = SoundInt_ReqPlayId
	         $057c = SoundInt_SetVolume
	         $0590 = SoundInt_StartSlide
	         $05a4 = Bankswitch
	EMPTY: $05aa-$3fff ($3a56 bytes)
	TOTAL EMPTY: $3add bytes

ROMX bank #1:
	SECTION: $4000-$4e75 ($0e76 bytes) ["Sound Driver - Bank 01"]
	         $4000 = Sound_Do_01
	         $402f = Sound_Do_01.loop
	         $4060 = Sound_UpdateVolPredict_01
	         $406e = Sound_UpdateVolPredict_01.inc
	         $4076 = Sound_UpdateVolPredict_01.dec
	         $407e = Sound_ReqPlayId_01
	         $4092 = Sound_CmdS_StartSlide_01
	         $4096 = Sound_StartSlide_01
	         $40a4 = Sound_StartSlide_01.fromCmd
	         $40c5 = Sound_StartSlide_01.findOffs
	         $40dc = Sound_StartSlide_01.setOffset
	         $40e4 = Sound_Div_01
	         $40f0 = Sound_Div_01.loop
	         $4102 = Sound_Div_01.shOut
	         $410b = Sound_SndChInfoPtrTable_01
	         $411b = Sound_SetVolume_01
	         $4122 = Sound_DoFade_01
	         $4131 = Sound_DoFade_01.fadeIn
	         $4140 = Sound_DoFade_01.fadeInSetR
	         $414b = Sound_DoFade_01.fadeInSetL
	         $414d = Sound_DoFade_01.fadeInSet
	         $4153 = Sound_DoFade_01.fadeInChkEnd
	         $415c = Sound_DoFade_01.fadeOut
	         $416d = Sound_DoFade_01.fadeOutSetR
	         $4176 = Sound_DoFade_01.fadeOutSetL
	         $4178 = Sound_DoFade_01.fadeOutSet
	         $417f = Sound_DoFade_01.fadeOutEnd
	         $41a2 = Sound_ChkNewSnd_01
	         $41e9 = Sound_ChkNewSnd_01.checkSpecialCmd
	         $41fb = Sound_Cmd_FadeIn_01
	         $4202 = Sound_Cmd_FadeOut_01
	         $4205 = Sound_Cmd_FadeOut_01.setFade
	         $420e = Sound_Cmd_ChkSetChVol_01
	         $421b = Sound_Cmd_ChkSetChVol_01.ch4
	         $4226 = Sound_Cmd_ChkSetChVol_01.ch1
	         $4231 = Sound_Cmd_ChkSetChVol_01.ch2
	         $423c = Sound_Cmd_ChkSetChVol_01.ch3
	         $4245 = Sound_Cmd_SetChVol_01
	         $4252 = Sound_Cmd_SetChVol_01.ch3
	         $425b = Sound_Cmd_SetChVol_01.ch124
	         $4260 = Sound_Cmd_SetChVol_01.setVol
	         $4298 = Sound_FastSlideSFXtoC_8_01
	         $42ac = Sound_SlowSlideSFXtoF#4_01
	         $42c0 = Sound_PauseAll_01
	         $42de = Sound_UnpauseAll_01
	         $42fe = Sound_StartNewBGM_01
	         $430c = Sound_Unused_StartNewSFX1234Hi_01
	         $4313 = Sound_Unused_StartNewSFX1234Lo_01
	         $4319 = Sound_StartNewSFX1234_01
	         $4321 = Sound_Unused_StartNewSFX234Hi_01
	         $432b = Sound_StartNewSFX234_01
	         $4331 = Sound_StartNewSFX234_01.initSong
	         $4336 = Sound_Unused_InitSongFromHeaderToCh3_01
	         $433b = Sound_Unused_StartNewSFX4Hi_01
	         $4345 = Sound_StartNewSFX4_01
	         $434b = Sound_StartNewSFX4_01.initSong
	         $4350 = Sound_InitSongFromHeader_01
	         $4357 = Sound_InitSongFromHeader_01.chLoop
	         $4392 = Sound_InitSongFromHeader_01.skip
	         $43a0 = Sound_StartNothing_01
	         $43a1 = Sound_DoChSndInfo_01
	         $43a8 = Sound_DoChSndInfo_Vibrato_01
	         $43c4 = Sound_DoChSndInfo_Vibrato_01.getData
	         $43d2 = Sound_DoChSndInfo_Vibrato_01.resetIdx
	         $43db = Sound_DoChSndInfo_Vibrato_01.calcFreq
	         $43e7 = Sound_DoChSndInfo_Vibrato_01.offNeg
	         $43f1 = Sound_DoChSndInfo_Vibrato_01.offPos
	         $43fa = Sound_DoChSndInfo_Vibrato_01.writeReg
	         $4413 = Sound_DoChSndInfo_ChkSlide_01
	         $4418 = Sound_DoChSndInfo_ChkSlide_01.slideOk
	         $4423 = Sound_DoChSndInfo_ChkSlide_01.setFreq
	         $443d = Sound_DoChSndInfo_ChkSlide_01.tryUpdateRegs
	         $444f = Sound_DoChSndInfo_ChkSlide_01.ch3
	         $4455 = Sound_DoChSndInfo_ChkSlide_01.setRegs
	         $4469 = Sound_DoChSndInfo_Main_01
	         $4469 = Sound_DoChSndInfo_ChkSlide_01.end
	         $448c = Sound_DoChSndInfo_Loop_01
	         $4498 = Sound_DoChSndInfo_Loop_01.noHi__u31
	         $4498 = Sound_DoChSndInfo_Loop_01.chkIsCmd
	         $449c = Sound_DoChSndInfo_Loop_01.isCmd
	         $44aa = Sound_DoChSndInfo_Loop_01.notCmd
	         $44b2 = Sound_DoChSndInfo_Loop_01.isCh4
	         $44bb = Sound_DoChSndInfo_Loop_01.isCh123
	         $44cb = Sound_DoChSndInfo_Loop_01.readRegData
	         $44df = Sound_DoChSndInfo_Loop_01.chkRegDataMax
	         $44e8 = Sound_DoChSndInfo_Loop_01.chkRegDataMin
	         $44ef = Sound_DoChSndInfo_Loop_01.readRegDataOk
	         $44f6 = Sound_DoChSndInfo_Loop_01.updateRegs
	         $4509 = Sound_DoChSndInfo_Loop_01.updateNRx2
	         $450d = Sound_DoChSndInfo_Loop_01.updateNRx3
	         $4511 = Sound_DoChSndInfo_Loop_01.updateNRx4
	         $451e = Sound_DoChSndInfo_Loop_01.chkNewLength
	         $452e = Sound_DoChSndInfo_Loop_01.setLength
	         $4533 = Sound_DoChSndInfo_Loop_01.saveDataPtr
	         $454f = Sound_DoChSndInfo_Loop_01.chkMuteMode
	         $4557 = Sound_DoChSndInfo_Loop_01.chkMuteCh
	         $4566 = Sound_DoChSndInfo_Loop_01.chkReinit
	         $456a = Sound_DoChSndInfo_Loop_01.chkCh3EndType
	         $4588 = Sound_DoChSndInfo_Loop_01.ch3StopOnEnd
	         $4595 = Sound_DoChSndInfo_Loop_01.noStop
	         $459e = Sound_CmdPtrTbl_01
	         $45de = Sound_Cmd_Unused_StartSlide_01
	         $460b = Sound_Cmd_Unused_StartSlide_01.noHi__u32
	         $4618 = Sound_Cmd_WriteToNR31_01
	         $4624 = Sound_Cmd_WriteToNR31_01.noHi__u33
	         $4632 = Sound_Cmd_AddToBaseFreqId_01
	         $463e = Sound_Cmd_AddToBaseFreqId_01.noHi__u34
	         $4647 = Sound_Cmd_SetBaseFreqOff_01
	         $4653 = Sound_Cmd_SetBaseFreqOff_01.noHi__u35
	         $465f = Sound_Cmd_SetBaseFreqOff_01.offNeg
	         $4663 = Sound_Cmd_SetVibrato_01
	         $4673 = Sound_Cmd_SetVibrato_01.noHi__u36
	         $4681 = Sound_Cmd_ClrVibrato_01
	         $4688 = Sound_Cmd_UnlockNRx2_01
	         $468f = Sound_Cmd_LockNRx2_01
	         $4696 = Sound_Cmd_ExtendNote_01
	         $46a2 = Sound_Cmd_ExtendNote_01.noHi__u37
	         $46b8 = Sound_Cmd_SetPanning_01
	         $46c4 = Sound_Cmd_SetPanning_01.noHi__u38
	         $46f0 = Sound_Cmd_WriteToNRx2_01
	         $46fc = Sound_Cmd_WriteToNRx2_01.noHi__u39
	         $4714 = Sound_Cmd_WriteToNRx1_01
	         $4720 = Sound_Cmd_WriteToNRx1_01.noHi__u40
	         $4732 = Sound_Cmd_WriteToNR10_01
	         $473e = Sound_Cmd_WriteToNR10_01.noHi__u41
	         $474b = Sound_Cmd_JpFromLoopByTimer_01
	         $4757 = Sound_Cmd_JpFromLoopByTimer_01.noHi__u42
	         $4762 = Sound_Cmd_JpFromLoopByTimer_01.firstLoop
	         $4767 = Sound_Cmd_JpFromLoopByTimer_01.contLoop
	         $476a = Sound_Cmd_JpFromLoopByTimer_01.loopDone
	         $4776 = Sound_Cmd_JpFromLoopByTimer_01.doLoop
	         $4782 = Sound_Cmd_JpFromLoop_01
	         $4795 = Sound_Cmd_Call_01
	         $47b3 = Sound_Cmd_Ret_01
	         $47c7 = Sound_Cmd_SetWaveData_01
	         $47dc = Sound_Cmd_SetWaveData_01.noHi__u43
	         $47eb = Sound_Cmd_SetWaveData_01.loop
	         $47f8 = Sound_Cmd_ChanStopHiSFX4_01
	         $4802 = Sound_Cmd_ChanStopHiSFXMulti_01
	         $480a = Sound_Cmd_ChanStop_01
	         $481a = Sound_Cmd_ChanStop_01.bgmPlaying
	         $481f = Sound_Cmd_ChanStop_01.isBGM
	         $4822 = Sound_Cmd_ChanStop_01.isSFX
	         $4831 = Sound_Cmd_ChanStop_01.ch1ExtraClr
	         $483b = Sound_Cmd_ChanStop_01.ch3SkipChk
	         $483f = Sound_Cmd_ChanStop_01.ch3
	         $4845 = Sound_Cmd_ChanStop_01.cpAll
	         $4852 = Sound_Cmd_ChanStop_01.cpNRx2
	         $486b = Sound_Cmd_ChanStop_01.stopCh
	         $487d = Sound_Cmd_ChanStop_01.stopCh3
	         $4888 = Sound_Cmd_ChanStop_01.isFF
	         $488a = Sound_SetWaveDataCustom_01
	         $4899 = Sound_SetWaveDataCustom_01.loop
	         $48a4 = Sound_SilenceCh_01
	         $48b5 = Sound_WriteToReg_01
	         $48be = Sound_MarkSFXChUse_01
	         $48c2 = Sound_MarkSFXChUse_01.setSFXPlay
	         $48c5 = Sound_MarkSFXChUse_01.clrSFXPlay
	         $48cb = Sound_IndexPtrTable_01
	         $48d5 = Sound_StopAll_01
	         $492d = Sound_FreqDataTbl_01
	         $49c1 = Sound_WaveSetPtrTable_01
	         $49d5 = Sound_WaveSet_Unused_0_01
	         $49e5 = Sound_WaveSet1_01
	         $49f5 = Sound_WaveSet2_01
	         $4a05 = Sound_WaveSet_Unused_3_01
	         $4a15 = Sound_WaveSet_Unused_4_01
	         $4a25 = Sound_WaveSet5_01
	         $4a35 = Sound_WaveSet_Unused_6_01
	         $4a45 = Sound_WaveSet_Unused_7_01
	         $4a55 = Sound_WaveSet_Unused_8_01
	         $4a65 = Sound_WaveSet_Unused_9_01
	         $4a75 = Sound_VibratoSetTable_01
	         $4a93 = Sound_VibratoSet_Unused_0_01
	         $4aa0 = Sound_VibratoSet1_01
	         $4ab0 = Sound_VibratoSet1_01.loop
	         $4abb = Sound_VibratoSet_Unused_2_01
	         $4ac3 = Sound_VibratoSet_Unused_2_01.loop
	         $4ada = Sound_VibratoSet_Unused_3_01
	         $4afa = Sound_VibratoSet_Unused_3_01.loop
	         $4b08 = Sound_VibratoSet_Unused_4_01
	         $4b0f = Sound_VibratoSet_Unused_4_01.loop
	         $4b18 = Sound_VibratoSet_Unused_5_01
	         $4b28 = Sound_VibratoSet_Unused_5_01.loop
	         $4b37 = Sound_VibratoSet_Unused_6_01
	         $4b4f = Sound_VibratoSet_Unused_6_01.loop
	         $4b5c = Sound_VibratoSet_Unused_7_01
	         $4b73 = Sound_VibratoSet_Unused_7_01.loop
	         $4b91 = Sound_VibratoSet8_01
	         $4ba2 = Sound_VibratoSet9_01
	         $4c2d = Sound_SndListTable_01
	         $4e76 = Sound_SndListTable_01.end
	SECTION: $4e76-$7ed1 ($305c bytes) ["Sound Data - Bank 01"]
	         $4e76 = SndHeader_BGM_06
	         $4e77 = SndHeader_BGM_06.ch1
	         $4e7d = SndHeader_BGM_06.ch2
	         $4e83 = SndHeader_BGM_06.ch3
	         $4e89 = SndHeader_BGM_06.ch4
	         $4e8f = SndData_BGM_06_Ch1
	         $4e95 = SndCall_BGM_06_Ch2_0
	         $4ebc = SndCall_BGM_06_Ch1_0
	         $4f0b = SndCall_BGM_06_Ch1_1
	         $4f11 = SndCall_BGM_06_Ch1_2
	         $4f17 = SndData_BGM_06_Ch2
	         $4f23 = SndData_BGM_06_Ch3
	         $4f2f = SndData_Unused_0003D053
	         $4f32 = SndHeader_BGM_03
	         $4f33 = SndHeader_BGM_03.ch1
	         $4f39 = SndHeader_BGM_03.ch2
	         $4f3f = SndHeader_BGM_03.ch3
	         $4f45 = SndHeader_BGM_03.ch4
	         $4f4b = SndData_BGM_03_Ch1
	         $4f8b = SndData_BGM_03_Ch1.loop0
	         $5186 = SndCall_BGM_03_Ch1_0
	         $51e6 = SndCall_BGM_03_Ch1_1
	         $524e = SndCall_BGM_03_Ch1_2
	         $525d = SndData_BGM_03_Ch2
	         $5269 = SndData_BGM_03_Ch2.loop4
	         $5412 = SndData_BGM_03_Ch2.loop0
	         $5448 = SndData_BGM_03_Ch2.loop1
	         $547e = SndData_BGM_03_Ch2.loop2
	         $54b4 = SndData_BGM_03_Ch2.loop3
	         $54f0 = SndCall_BGM_03_Ch2_0
	         $550f = SndCall_BGM_03_Ch2_1
	         $5542 = SndCall_BGM_03_Ch2_2
	         $558a = SndCall_BGM_03_Ch2_3
	         $55d2 = SndCall_BGM_03_Ch2_4
	         $561a = SndCall_BGM_03_Ch2_5
	         $564f = SndCall_BGM_03_Ch2_6
	         $5686 = SndCall_BGM_03_Ch2_7
	         $56bd = SndCall_BGM_03_Ch2_8
	         $56f4 = SndCall_BGM_03_Ch2_9
	         $572b = SndData_BGM_03_Ch3
	         $5750 = SndData_BGM_03_Ch3.loop0
	         $58a9 = SndCall_BGM_03_Ch3_0
	         $5910 = SndCall_BGM_03_Ch3_1
	         $5926 = SndData_BGM_03_Ch4
	         $5967 = SndData_BGM_03_Ch4.loop0
	         $5a60 = SndCall_BGM_03_Ch4_0
	         $5a9a = SndCall_BGM_03_Ch4_1
	         $5acf = SndCall_BGM_03_Ch4_2
	         $5b45 = SndCall_BGM_03_Ch4_3
	         $5b6d = SndHeader_BGM_05
	         $5b6e = SndHeader_BGM_05.ch1
	         $5b74 = SndHeader_BGM_05.ch2
	         $5b7a = SndHeader_BGM_05.ch3
	         $5b80 = SndHeader_BGM_05.ch4
	         $5b86 = SndData_BGM_05_Ch1
	         $5b90 = SndData_BGM_05_Ch1.loop0
	         $5ca7 = SndCall_BGM_05_Ch1_0
	         $5d09 = SndCall_BGM_05_Ch1_1
	         $5d7a = SndCall_BGM_05_Ch1_2
	         $5da4 = SndCall_BGM_05_Ch1_3
	         $5dc3 = SndData_BGM_05_Ch2
	         $5dee = SndData_BGM_05_Ch2.loop0
	         $5e41 = SndCall_BGM_05_Ch2_0
	         $5e6d = SndCall_BGM_05_Ch2_1
	         $5f6b = SndCall_BGM_05_Ch2_2
	         $5f76 = SndCall_BGM_05_Ch2_2.loop0
	         $5fc7 = SndCall_BGM_05_Ch2_3
	         $5ff0 = SndCall_BGM_05_Ch2_4
	         $5ffb = SndCall_BGM_05_Ch2_4.loop0
	         $604c = SndCall_BGM_05_Ch2_5
	         $6075 = SndCall_BGM_05_Ch2_6
	         $609e = SndData_BGM_05_Ch3
	         $60da = SndCall_BGM_05_Ch3_0
	         $6108 = SndCall_BGM_05_Ch3_1
	         $613d = SndCall_BGM_05_Ch3_2
	         $6178 = SndData_BGM_05_Ch4
	         $61f4 = SndData_BGM_05_Ch4.loop0
	         $6230 = SndCall_BGM_05_Ch4_0
	         $625d = SndCall_BGM_05_Ch4_1
	         $6280 = SndCall_BGM_05_Ch4_2
	         $62a5 = SndCall_BGM_05_Ch4_3
	         $62bb = SndCall_BGM_05_Ch4_4
	         $62d0 = SndCall_BGM_05_Ch4_5
	         $62e3 = SndHeader_BGM_49
	         $62e4 = SndHeader_BGM_49.ch1
	         $62ea = SndHeader_BGM_49.ch2
	         $62f0 = SndHeader_BGM_49.ch3
	         $62f6 = SndHeader_BGM_49.ch4
	         $62fc = SndData_BGM_49_Ch1
	         $6359 = SndCall_BGM_49_Ch1_0
	         $637d = SndCall_BGM_49_Ch1_1
	         $6398 = SndCall_BGM_49_Ch1_2
	         $63d9 = SndCall_BGM_49_Ch1_3
	         $642f = SndData_BGM_49_Ch2
	         $648e = SndCall_BGM_49_Ch2_2
	         $64cc = SndCall_BGM_49_Ch2_3
	         $653e = SndData_BGM_49_Ch3
	         $655b = SndCall_BGM_49_Ch3_0
	         $6572 = SndCall_BGM_49_Ch3_1
	         $6589 = SndData_Unused_0003E6AD
	         $658c = SndHeader_BGM_07
	         $658d = SndHeader_BGM_07.ch1
	         $6593 = SndHeader_BGM_07.ch2
	         $6599 = SndHeader_BGM_07.ch3
	         $659f = SndHeader_BGM_07.ch4
	         $65a5 = SndData_BGM_07_Ch1
	         $6669 = SndCall_BGM_07_Ch1_0
	         $66a4 = SndCall_BGM_07_Ch1_1
	         $66dd = SndCall_BGM_07_Ch1_2
	         $6701 = SndData_BGM_07_Ch2
	         $6857 = SndData_BGM_07_Ch2.loop0
	         $6888 = SndCall_BGM_07_Ch2_0
	         $68aa = SndCall_BGM_07_Ch2_1
	         $68e0 = SndCall_BGM_07_Ch2_2
	         $6905 = SndCall_BGM_07_Ch2_3
	         $692a = SndCall_BGM_07_Ch2_4
	         $6939 = SndCall_BGM_07_Ch2_5
	         $6963 = SndCall_BGM_07_Ch2_6
	         $6977 = SndData_BGM_07_Ch3
	         $6a14 = SndCall_BGM_07_Ch3_0
	         $6a3b = SndCall_BGM_07_Ch3_1
	         $6a54 = SndCall_BGM_07_Ch3_2
	         $6a6d = SndCall_BGM_07_Ch3_3
	         $6a78 = SndCall_BGM_07_Ch3_4
	         $6a88 = SndData_BGM_07_Ch4
	         $6a8c = SndData_BGM_07_Ch4.loop0
	         $6b56 = SndCall_BGM_07_Ch4_0
	         $6b8f = SndCall_BGM_07_Ch4_1
	         $6b94 = SndCall_BGM_07_Ch4_2
	         $6b9d = SndCall_BGM_07_Ch4_3
	         $6bd8 = SndCall_BGM_07_Ch4_4
	         $6c03 = SndCall_BGM_07_Ch4_5
	         $6c15 = SndCall_BGM_07_Ch4_6
	         $6c20 = SndCall_BGM_07_Ch4_7
	         $6c2f = SndCall_BGM_07_Ch4_8
	         $6c56 = SndCall_BGM_07_Ch4_9
	         $6ca4 = SndHeader_BGM_3F
	         $6ca5 = SndHeader_BGM_3F.ch1
	         $6cab = SndHeader_BGM_3F.ch2
	         $6cb1 = SndHeader_BGM_3F.ch3
	         $6cb7 = SndHeader_BGM_3F.ch4
	         $6cbd = SndData_BGM_3F_Ch1
	         $6dd6 = SndCall_BGM_3F_Ch1_0
	         $6deb = SndCall_BGM_3F_Ch1_1
	         $6dff = SndCall_BGM_3F_Ch1_2
	         $6e28 = SndCall_BGM_3F_Ch1_3
	         $6e48 = SndCall_BGM_3F_Ch1_4
	         $6e72 = SndCall_BGM_3F_Ch1_5
	         $6e7e = SndCall_BGM_3F_Ch1_6
	         $6ea1 = SndCall_BGM_3F_Ch1_7
	         $6ec8 = SndCall_BGM_3F_Ch1_8
	         $6eed = SndCall_BGM_3F_Ch1_9
	         $6ef8 = SndCall_BGM_3F_Ch1_A
	         $6f1c = SndCall_BGM_3F_Ch1_B
	         $6f25 = SndCall_BGM_3F_Ch1_C
	         $6f2e = SndData_BGM_3F_Ch2
	         $6fc6 = SndCall_BGM_3F_Ch2_0
	         $7009 = SndCall_BGM_3F_Ch2_1
	         $7028 = SndCall_BGM_3F_Ch2_2
	         $7047 = SndCall_BGM_3F_Ch2_3
	         $707f = SndCall_BGM_3F_Ch2_4
	         $70b9 = SndCall_BGM_3F_Ch2_5
	         $70e1 = SndCall_BGM_3F_Ch2_6
	         $7118 = SndCall_BGM_3F_Ch2_7
	         $7121 = SndCall_BGM_3F_Ch2_8
	         $712a = SndCall_BGM_3F_Ch2_9
	         $7145 = SndCall_BGM_3F_Ch2_A
	         $714f = SndData_BGM_3F_Ch3
	         $71b0 = SndCall_BGM_3F_Ch3_0
	         $71e6 = SndCall_BGM_3F_Ch3_1
	         $71f6 = SndCall_BGM_3F_Ch3_2
	         $7257 = SndCall_BGM_3F_Ch3_3
	         $7288 = SndCall_BGM_3F_Ch3_4
	         $72a2 = SndData_BGM_3F_Ch4
	         $72dd = SndCall_BGM_3F_Ch4_0
	         $7323 = SndCall_BGM_3F_Ch4_1
	         $7347 = SndCall_BGM_3F_Ch4_2
	         $7368 = SndCall_BGM_3F_Ch4_3
	         $738c = SndCall_BGM_3F_Ch4_4
	         $73c6 = SndCall_BGM_3F_Ch4_5
	         $73f5 = SndCall_BGM_3F_Ch4_6
	         $741a = SndCall_BGM_3F_Ch4_7
	         $743f = SndCall_BGM_3F_Ch4_8
	         $745e = SndCall_BGM_3F_Ch4_9
	         $74a8 = SndHeader_Pause
	         $74a9 = SndHeader_Pause.ch1
	         $74af = SndHeader_Unpause
	         $74b0 = SndHeader_Unpause.ch1
	         $74b6 = SndData_Pause_Ch1
	         $74ca = SndData_Unpause_Ch1
	         $74cb = SndHeader_SFX_0E
	         $74cc = SndHeader_SFX_0E.ch2
	         $74d2 = SndData_SFX_0E_Ch2
	         $7512 = SndHeader_SFX_0F
	         $7513 = SndHeader_SFX_0F.ch2
	         $7519 = SndData_SFX_0F_Ch2
	         $7551 = SndHeader_SFX_10
	         $7552 = SndHeader_SFX_10.ch2
	         $7558 = SndData_SFX_10_Ch2
	         $7579 = SndHeader_SFX_11
	         $757a = SndHeader_SFX_11.ch2
	         $7580 = SndData_SFX_11_Ch2
	         $7592 = SndHeader_SFX_12
	         $7593 = SndHeader_SFX_12.ch2
	         $7599 = SndData_SFX_12_Ch2
	         $75a3 = SndHeader_SFX_13
	         $75a4 = SndHeader_SFX_13.ch2
	         $75aa = SndData_SFX_13_Ch2
	         $75b3 = SndHeader_SFX_14
	         $75b4 = SndHeader_SFX_14.ch2
	         $75ba = SndData_SFX_14_Ch2
	         $75c6 = SndHeader_SFX_15
	         $75c7 = SndHeader_SFX_15.ch4
	         $75cd = SndData_SFX_15_Ch4
	         $75e9 = SndHeader_SFX_16
	         $75ea = SndHeader_SFX_16.ch4
	         $75f0 = SndData_SFX_16_Ch4
	         $7609 = SndHeader_SFX_17
	         $760a = SndHeader_SFX_17.ch1
	         $7610 = SndHeader_SFX_17.ch2
	         $7616 = SndHeader_SFX_17.ch3
	         $761c = SndHeader_SFX_17.ch4
	         $7622 = SndData_SFX_17_Ch1
	         $7631 = SndData_SFX_17_Ch2
	         $7640 = SndData_SFX_17_Ch3
	         $764b = SndData_SFX_17_Ch4
	         $7654 = SndHeader_SFX_18
	         $7655 = SndHeader_SFX_18.ch4
	         $765b = SndData_SFX_18_Ch4
	         $7678 = SndHeader_SFX_19
	         $7679 = SndHeader_SFX_19.ch2
	         $767f = SndData_SFX_19_Ch2
	         $76c8 = SndHeader_SFX_1A
	         $76c9 = SndHeader_SFX_1A.ch2
	         $76cf = SndHeader_SFX_1A.ch3
	         $76d5 = SndHeader_SFX_1A.ch4
	         $76db = SndData_SFX_1A_Ch2
	         $76fb = SndData_SFX_1A_Ch3
	         $7702 = SndData_SFX_1A_Ch4
	         $772b = SndHeader_SFX_1B
	         $772c = SndHeader_SFX_1B.ch2
	         $7732 = SndHeader_SFX_1B.ch3
	         $7738 = SndHeader_SFX_1B.ch4
	         $773e = SndData_SFX_1B_Ch2
	         $7753 = SndData_SFX_1B_Ch3
	         $775a = SndData_SFX_1B_Ch4
	         $777c = SndHeader_SFX_1C
	         $777d = SndHeader_SFX_1C.ch1
	         $7783 = SndHeader_SFX_1C.ch2
	         $7789 = SndHeader_SFX_1C.ch3
	         $778f = SndHeader_SFX_1C.ch4
	         $7795 = SndData_SFX_1C_Ch1
	         $77a6 = SndData_SFX_1C_Ch2
	         $77b7 = SndData_SFX_1C_Ch3
	         $77b8 = SndHeader_SFX_1D
	         $77b9 = SndHeader_SFX_1D.ch1
	         $77bf = SndHeader_SFX_1D.ch2
	         $77c5 = SndHeader_SFX_1D.ch3
	         $77cb = SndHeader_SFX_1D.ch4
	         $77d1 = SndData_SFX_1D_Ch1
	         $77db = SndData_SFX_1D_Ch2
	         $77e7 = SndData_SFX_1D_Ch3
	         $77ee = SndData_SFX_1D_Ch4
	         $785b = SndCall_SFX_1D_Ch1_0
	         $7881 = SndHeader_SFX_1E
	         $7882 = SndHeader_SFX_1E.ch1
	         $7888 = SndHeader_SFX_1E.ch2
	         $788e = SndHeader_SFX_1E.ch3
	         $7894 = SndHeader_SFX_1E.ch4
	         $789a = SndData_SFX_1E_Ch1
	         $78ad = SndData_SFX_1E_Ch2
	         $78c0 = SndData_SFX_1E_Ch3
	         $78c7 = SndData_SFX_1E_Ch4
	         $78d2 = SndHeader_SFX_1F
	         $78d3 = SndHeader_SFX_1F.ch4
	         $78d9 = SndData_SFX_1F_Ch4
	         $791c = SndHeader_SFX_20
	         $791d = SndHeader_SFX_20.ch2
	         $7923 = SndHeader_SFX_20.ch3
	         $7929 = SndHeader_SFX_20.ch4
	         $792f = SndData_SFX_20_Ch2
	         $7950 = SndData_SFX_20_Ch3
	         $7957 = SndData_SFX_20_Ch4
	         $7970 = SndHeader_SFX_21
	         $7971 = SndHeader_SFX_21.ch4
	         $7977 = SndData_SFX_21_Ch4
	         $7984 = SndHeader_SFX_22
	         $7985 = SndHeader_SFX_22.ch4
	         $798b = SndData_SFX_22_Ch4
	         $799e = SndHeader_SFX_23
	         $799f = SndHeader_SFX_23.ch1
	         $79a5 = SndHeader_SFX_23.ch2
	         $79ab = SndHeader_SFX_23.ch3
	         $79b1 = SndHeader_SFX_23.ch4
	         $79b7 = SndData_SFX_23_Ch1
	         $79bd = SndCall_SFX_23_Ch2_0
	         $79ce = SndData_SFX_23_Ch2
	         $79d8 = SndData_SFX_23_Ch3
	         $79e0 = SndData_SFX_23_Ch4
	         $79e7 = SndHeader_SFX_24
	         $79e8 = SndHeader_SFX_24.ch4
	         $79ee = SndData_SFX_24_Ch4
	         $79ff = SndHeader_SFX_25
	         $7a00 = SndHeader_SFX_25.ch4
	         $7a06 = SndData_SFX_25_Ch4
	         $7a1f = SndHeader_SFX_26
	         $7a20 = SndHeader_SFX_26.ch2
	         $7a26 = SndData_SFX_26_Ch2
	         $7a71 = SndCall_SFX_26_Ch2_0
	         $7a79 = SndCall_SFX_26_Ch2_1
	         $7a81 = SndHeader_SFX_27
	         $7a82 = SndHeader_SFX_27.ch1
	         $7a88 = SndHeader_SFX_27.ch2
	         $7a8e = SndData_SFX_27_Ch1
	         $7a9b = SndData_SFX_27_Ch2
	         $7aaa = SndHeader_SFX_28
	         $7aab = SndHeader_SFX_28.ch2
	         $7ab1 = SndData_SFX_28_Ch2
	         $7ada = SndHeader_SFX_29
	         $7adb = SndHeader_SFX_29.ch4
	         $7ae1 = SndData_SFX_29_Ch4
	         $7b04 = SndHeader_SFX_2A
	         $7b05 = SndHeader_SFX_2A.ch4
	         $7b0b = SndData_SFX_2A_Ch4
	         $7b34 = SndHeader_SFX_2B
	         $7b35 = SndHeader_SFX_2B.ch2
	         $7b3b = SndData_SFX_2B_Ch2
	         $7b56 = SndCall_SFX_2B_Ch2_0
	         $7b61 = SndHeader_SFX_2C
	         $7b62 = SndHeader_SFX_2C.ch2
	         $7b68 = SndData_SFX_2C_Ch2
	         $7b78 = SndHeader_SFX_2D
	         $7b79 = SndHeader_SFX_2D.ch2
	         $7b7f = SndData_SFX_2D_Ch2
	         $7ba2 = SndHeader_SFX_2E
	         $7ba3 = SndHeader_SFX_2E.ch4
	         $7ba9 = SndData_SFX_2E_Ch4
	         $7bb4 = SndHeader_SFX_2F
	         $7bb5 = SndHeader_SFX_2F.ch4
	         $7bbb = SndData_SFX_1C_Ch4
	         $7bd2 = SndHeader_SFX_30
	         $7bd3 = SndHeader_SFX_30.ch4
	         $7bd9 = SndData_SFX_30_Ch4
	         $7bf0 = SndHeader_SFX_31
	         $7bf1 = SndHeader_SFX_31.ch1
	         $7bf7 = SndHeader_SFX_31.ch2
	         $7bfd = SndData_SFX_31_Ch1
	         $7c0e = SndData_SFX_31_Ch2
	         $7c18 = SndData_SFX_31_Ch2.loop0
	         $7c23 = SndHeader_SFX_32
	         $7c24 = SndHeader_SFX_32.ch4
	         $7c2a = SndData_SFX_32_Ch4
	         $7c52 = SndHeader_SFX_33
	         $7c53 = SndHeader_SFX_33.ch4
	         $7c59 = SndData_SFX_33_Ch4
	         $7c6e = SndHeader_SFX_34
	         $7c6f = SndHeader_SFX_34.ch1
	         $7c75 = SndHeader_SFX_34.ch2
	         $7c7b = SndHeader_SFX_34.ch3
	         $7c81 = SndHeader_SFX_34.ch4
	         $7c87 = SndData_SFX_34_Ch1
	         $7ca1 = SndData_SFX_34_Ch2
	         $7cbd = SndData_SFX_34_Ch3
	         $7cd5 = SndData_SFX_34_Ch4
	         $7cf2 = SndHeader_SFX_35
	         $7cf3 = SndHeader_SFX_35.ch4
	         $7cf9 = SndData_SFX_35_Ch4
	         $7d1c = SndHeader_SFX_36
	         $7d1d = SndHeader_SFX_36.ch2
	         $7d23 = SndHeader_SFX_36.ch3
	         $7d29 = SndHeader_SFX_36.ch4
	         $7d2f = SndData_SFX_36_Ch2
	         $7d55 = SndData_SFX_36_Ch3
	         $7d56 = SndData_SFX_36_Ch4
	         $7d73 = SndHeader_SFX_37
	         $7d74 = SndHeader_SFX_37.ch4
	         $7d7a = SndData_SFX_37_Ch4
	         $7d7b = SndHeader_SFX_38
	         $7d7c = SndHeader_SFX_38.ch4
	         $7d82 = SndData_SFX_38_Ch4
	         $7d83 = SndHeader_SFX_39
	         $7d84 = SndHeader_SFX_39.ch1
	         $7d8a = SndHeader_SFX_39.ch2
	         $7d90 = SndHeader_SFX_39.ch3
	         $7d96 = SndHeader_SFX_39.ch4
	         $7d9c = SndData_SFX_39_Ch1
	         $7da2 = SndCall_SFX_39_Ch2_0
	         $7dee = SndData_SFX_39_Ch2
	         $7df8 = SndData_SFX_39_Ch3
	         $7dfd = SndData_SFX_39_Ch4
	         $7e40 = SndHeader_SFX_3A
	         $7e41 = SndHeader_SFX_3A.ch1
	         $7e47 = SndHeader_SFX_3A.ch2
	         $7e4d = SndData_SFX_3A_Ch1
	         $7e4e = SndHeader_SFX_3B
	         $7e4f = SndHeader_SFX_3B.ch2
	         $7e55 = SndHeader_SFX_3B.ch3
	         $7e5b = SndHeader_SFX_3B.ch4
	         $7e61 = SndData_SFX_3B_Ch2
	         $7e80 = SndData_SFX_3B_Ch3
	         $7e85 = SndData_SFX_3B_Ch4
	         $7ea0 = SndCall_SFX_3B_Ch4_0
	         $7ebf = SndCall_SFX_3B_Ch4_1
	EMPTY: $7ed2-$7fff ($012e bytes)
	TOTAL EMPTY: $012e bytes

ROMX bank #2:
	SECTION: $4000-$4e75 ($0e76 bytes) ["Sound Driver - Bank 02"]
	         $4000 = Sound_Do_02
	         $402f = Sound_Do_02.loop
	         $4060 = Sound_UpdateVolPredict_02
	         $406e = Sound_UpdateVolPredict_02.inc
	         $4076 = Sound_UpdateVolPredict_02.dec
	         $407e = Sound_ReqPlayId_02
	         $4092 = Sound_CmdS_StartSlide_02
	         $4096 = Sound_StartSlide_02
	         $40a4 = Sound_StartSlide_02.fromCmd
	         $40c5 = Sound_StartSlide_02.findOffs
	         $40dc = Sound_StartSlide_02.setOffset
	         $40e4 = Sound_Div_02
	         $40f0 = Sound_Div_02.loop
	         $4102 = Sound_Div_02.shOut
	         $410b = Sound_SndChInfoPtrTable_02
	         $411b = Sound_SetVolume_02
	         $4122 = Sound_DoFade_02
	         $4131 = Sound_DoFade_02.fadeIn
	         $4140 = Sound_DoFade_02.fadeInSetR
	         $414b = Sound_DoFade_02.fadeInSetL
	         $414d = Sound_DoFade_02.fadeInSet
	         $4153 = Sound_DoFade_02.fadeInChkEnd
	         $415c = Sound_DoFade_02.fadeOut
	         $416d = Sound_DoFade_02.fadeOutSetR
	         $4176 = Sound_DoFade_02.fadeOutSetL
	         $4178 = Sound_DoFade_02.fadeOutSet
	         $417f = Sound_DoFade_02.fadeOutEnd
	         $41a2 = Sound_ChkNewSnd_02
	         $41e9 = Sound_ChkNewSnd_02.checkSpecialCmd
	         $41fb = Sound_Cmd_FadeIn_02
	         $4202 = Sound_Cmd_FadeOut_02
	         $4205 = Sound_Cmd_FadeOut_02.setFade
	         $420e = Sound_Cmd_ChkSetChVol_02
	         $421b = Sound_Cmd_ChkSetChVol_02.ch4
	         $4226 = Sound_Cmd_ChkSetChVol_02.ch1
	         $4231 = Sound_Cmd_ChkSetChVol_02.ch2
	         $423c = Sound_Cmd_ChkSetChVol_02.ch3
	         $4245 = Sound_Cmd_SetChVol_02
	         $4252 = Sound_Cmd_SetChVol_02.ch3
	         $425b = Sound_Cmd_SetChVol_02.ch124
	         $4260 = Sound_Cmd_SetChVol_02.setVol
	         $4298 = Sound_FastSlideSFXtoC_8_02
	         $42ac = Sound_SlowSlideSFXtoF#4_02
	         $42c0 = Sound_PauseAll_02
	         $42de = Sound_UnpauseAll_02
	         $42fe = Sound_StartNewBGM_02
	         $430c = Sound_Unused_StartNewSFX1234Hi_02
	         $4313 = Sound_Unused_StartNewSFX1234Lo_02
	         $4319 = Sound_StartNewSFX1234_02
	         $4321 = Sound_Unused_StartNewSFX234Hi_02
	         $432b = Sound_StartNewSFX234_02
	         $4331 = Sound_StartNewSFX234_02.initSong
	         $4336 = Sound_Unused_InitSongFromHeaderToCh3_02
	         $433b = Sound_Unused_StartNewSFX4Hi_02
	         $4345 = Sound_StartNewSFX4_02
	         $434b = Sound_StartNewSFX4_02.initSong
	         $4350 = Sound_InitSongFromHeader_02
	         $4357 = Sound_InitSongFromHeader_02.chLoop
	         $4392 = Sound_InitSongFromHeader_02.skip
	         $43a0 = Sound_StartNothing_02
	         $43a1 = Sound_DoChSndInfo_02
	         $43a8 = Sound_DoChSndInfo_Vibrato_02
	         $43c4 = Sound_DoChSndInfo_Vibrato_02.getData
	         $43d2 = Sound_DoChSndInfo_Vibrato_02.resetIdx
	         $43db = Sound_DoChSndInfo_Vibrato_02.calcFreq
	         $43e7 = Sound_DoChSndInfo_Vibrato_02.offNeg
	         $43f1 = Sound_DoChSndInfo_Vibrato_02.offPos
	         $43fa = Sound_DoChSndInfo_Vibrato_02.writeReg
	         $4413 = Sound_DoChSndInfo_ChkSlide_02
	         $4418 = Sound_DoChSndInfo_ChkSlide_02.slideOk
	         $4423 = Sound_DoChSndInfo_ChkSlide_02.setFreq
	         $443d = Sound_DoChSndInfo_ChkSlide_02.tryUpdateRegs
	         $444f = Sound_DoChSndInfo_ChkSlide_02.ch3
	         $4455 = Sound_DoChSndInfo_ChkSlide_02.setRegs
	         $4469 = Sound_DoChSndInfo_Main_02
	         $4469 = Sound_DoChSndInfo_ChkSlide_02.end
	         $448c = Sound_DoChSndInfo_Loop_02
	         $4498 = Sound_DoChSndInfo_Loop_02.noHi__u18
	         $4498 = Sound_DoChSndInfo_Loop_02.chkIsCmd
	         $449c = Sound_DoChSndInfo_Loop_02.isCmd
	         $44aa = Sound_DoChSndInfo_Loop_02.notCmd
	         $44b2 = Sound_DoChSndInfo_Loop_02.isCh4
	         $44bb = Sound_DoChSndInfo_Loop_02.isCh123
	         $44cb = Sound_DoChSndInfo_Loop_02.readRegData
	         $44df = Sound_DoChSndInfo_Loop_02.chkRegDataMax
	         $44e8 = Sound_DoChSndInfo_Loop_02.chkRegDataMin
	         $44ef = Sound_DoChSndInfo_Loop_02.readRegDataOk
	         $44f6 = Sound_DoChSndInfo_Loop_02.updateRegs
	         $4509 = Sound_DoChSndInfo_Loop_02.updateNRx2
	         $450d = Sound_DoChSndInfo_Loop_02.updateNRx3
	         $4511 = Sound_DoChSndInfo_Loop_02.updateNRx4
	         $451e = Sound_DoChSndInfo_Loop_02.chkNewLength
	         $452e = Sound_DoChSndInfo_Loop_02.setLength
	         $4533 = Sound_DoChSndInfo_Loop_02.saveDataPtr
	         $454f = Sound_DoChSndInfo_Loop_02.chkMuteMode
	         $4557 = Sound_DoChSndInfo_Loop_02.chkMuteCh
	         $4566 = Sound_DoChSndInfo_Loop_02.chkReinit
	         $456a = Sound_DoChSndInfo_Loop_02.chkCh3EndType
	         $4588 = Sound_DoChSndInfo_Loop_02.ch3StopOnEnd
	         $4595 = Sound_DoChSndInfo_Loop_02.noStop
	         $459e = Sound_CmdPtrTbl_02
	         $45de = Sound_Cmd_Unused_StartSlide_02
	         $460b = Sound_Cmd_Unused_StartSlide_02.noHi__u19
	         $4618 = Sound_Cmd_WriteToNR31_02
	         $4624 = Sound_Cmd_WriteToNR31_02.noHi__u20
	         $4632 = Sound_Cmd_AddToBaseFreqId_02
	         $463e = Sound_Cmd_AddToBaseFreqId_02.noHi__u21
	         $4647 = Sound_Cmd_SetBaseFreqOff_02
	         $4653 = Sound_Cmd_SetBaseFreqOff_02.noHi__u22
	         $465f = Sound_Cmd_SetBaseFreqOff_02.offNeg
	         $4663 = Sound_Cmd_SetVibrato_02
	         $4673 = Sound_Cmd_SetVibrato_02.noHi__u23
	         $4681 = Sound_Cmd_ClrVibrato_02
	         $4688 = Sound_Cmd_UnlockNRx2_02
	         $468f = Sound_Cmd_LockNRx2_02
	         $4696 = Sound_Cmd_ExtendNote_02
	         $46a2 = Sound_Cmd_ExtendNote_02.noHi__u24
	         $46b8 = Sound_Cmd_SetPanning_02
	         $46c4 = Sound_Cmd_SetPanning_02.noHi__u25
	         $46f0 = Sound_Cmd_WriteToNRx2_02
	         $46fc = Sound_Cmd_WriteToNRx2_02.noHi__u26
	         $4714 = Sound_Cmd_WriteToNRx1_02
	         $4720 = Sound_Cmd_WriteToNRx1_02.noHi__u27
	         $4732 = Sound_Cmd_WriteToNR10_02
	         $473e = Sound_Cmd_WriteToNR10_02.noHi__u28
	         $474b = Sound_Cmd_JpFromLoopByTimer_02
	         $4757 = Sound_Cmd_JpFromLoopByTimer_02.noHi__u29
	         $4762 = Sound_Cmd_JpFromLoopByTimer_02.firstLoop
	         $4767 = Sound_Cmd_JpFromLoopByTimer_02.contLoop
	         $476a = Sound_Cmd_JpFromLoopByTimer_02.loopDone
	         $4776 = Sound_Cmd_JpFromLoopByTimer_02.doLoop
	         $4782 = Sound_Cmd_JpFromLoop_02
	         $4795 = Sound_Cmd_Call_02
	         $47b3 = Sound_Cmd_Ret_02
	         $47c7 = Sound_Cmd_SetWaveData_02
	         $47dc = Sound_Cmd_SetWaveData_02.noHi__u30
	         $47eb = Sound_Cmd_SetWaveData_02.loop
	         $47f8 = Sound_Cmd_ChanStopHiSFX4_02
	         $4802 = Sound_Cmd_ChanStopHiSFXMulti_02
	         $480a = Sound_Cmd_ChanStop_02
	         $481a = Sound_Cmd_ChanStop_02.bgmPlaying
	         $481f = Sound_Cmd_ChanStop_02.isBGM
	         $4822 = Sound_Cmd_ChanStop_02.isSFX
	         $4831 = Sound_Cmd_ChanStop_02.ch1ExtraClr
	         $483b = Sound_Cmd_ChanStop_02.ch3SkipChk
	         $483f = Sound_Cmd_ChanStop_02.ch3
	         $4845 = Sound_Cmd_ChanStop_02.cpAll
	         $4852 = Sound_Cmd_ChanStop_02.cpNRx2
	         $486b = Sound_Cmd_ChanStop_02.stopCh
	         $487d = Sound_Cmd_ChanStop_02.stopCh3
	         $4888 = Sound_Cmd_ChanStop_02.isFF
	         $488a = Sound_SetWaveDataCustom_02
	         $4899 = Sound_SetWaveDataCustom_02.loop
	         $48a4 = Sound_SilenceCh_02
	         $48b5 = Sound_WriteToReg_02
	         $48be = Sound_MarkSFXChUse_02
	         $48c2 = Sound_MarkSFXChUse_02.setSFXPlay
	         $48c5 = Sound_MarkSFXChUse_02.clrSFXPlay
	         $48cb = Sound_IndexPtrTable_02
	         $48d5 = Sound_StopAll_02
	         $492d = Sound_FreqDataTbl_02
	         $49c1 = Sound_WaveSetPtrTable_02
	         $49d5 = Sound_WaveSet_Unused_0_02
	         $49e5 = Sound_WaveSet1_02
	         $49f5 = Sound_WaveSet2_02
	         $4a05 = Sound_WaveSet_Unused_3_02
	         $4a15 = Sound_WaveSet_Unused_4_02
	         $4a25 = Sound_WaveSet5_02
	         $4a35 = Sound_WaveSet_Unused_6_02
	         $4a45 = Sound_WaveSet_Unused_7_02
	         $4a55 = Sound_WaveSet_Unused_8_02
	         $4a65 = Sound_WaveSet_Unused_9_02
	         $4a75 = Sound_VibratoSetTable_02
	         $4a93 = Sound_VibratoSet_Unused_0_02
	         $4aa0 = Sound_VibratoSet1_02
	         $4ab0 = Sound_VibratoSet1_02.loop
	         $4abb = Sound_VibratoSet_Unused_2_02
	         $4ac3 = Sound_VibratoSet_Unused_2_02.loop
	         $4ada = Sound_VibratoSet_Unused_3_02
	         $4afa = Sound_VibratoSet_Unused_3_02.loop
	         $4b08 = Sound_VibratoSet_Unused_4_02
	         $4b0f = Sound_VibratoSet_Unused_4_02.loop
	         $4b18 = Sound_VibratoSet_Unused_5_02
	         $4b28 = Sound_VibratoSet_Unused_5_02.loop
	         $4b37 = Sound_VibratoSet_Unused_6_02
	         $4b4f = Sound_VibratoSet_Unused_6_02.loop
	         $4b5c = Sound_VibratoSet_Unused_7_02
	         $4b73 = Sound_VibratoSet_Unused_7_02.loop
	         $4b91 = Sound_VibratoSet8_02
	         $4ba2 = Sound_VibratoSet9_02
	         $4c2d = Sound_SndListTable_02
	         $4e76 = Sound_SndListTable_02.end
	SECTION: $4e76-$7e72 ($2ffd bytes) ["Sound Data - Bank 02"]
	         $4e76 = SndHeader_BGM_4B
	         $4e77 = SndHeader_BGM_4B.ch1
	         $4e7d = SndHeader_BGM_4B.ch2
	         $4e83 = SndHeader_BGM_4B.ch3
	         $4e89 = SndHeader_BGM_4B.ch4
	         $4e8f = SndData_BGM_4B_Ch1
	         $4e9a = SndData_BGM_4B_Ch1.loop2
	         $4ee6 = SndData_BGM_4B_Ch1.loop0
	         $4f10 = SndData_BGM_4B_Ch1.loop1
	         $4f59 = SndCall_BGM_4B_Ch1_0
	         $4f97 = SndCall_BGM_4B_Ch1_1
	         $4fb7 = SndCall_BGM_4B_Ch1_2
	         $4ff7 = SndCall_BGM_4B_Ch1_3
	         $501b = SndCall_BGM_4B_Ch1_4
	         $5028 = SndCall_BGM_4B_Ch1_5
	         $504d = SndData_BGM_4B_Ch2
	         $505c = SndData_BGM_4B_Ch2.loop0
	         $50d6 = SndCall_BGM_4B_Ch2_2
	         $50ed = SndCall_BGM_4B_Ch2_3
	         $5134 = SndCall_BGM_4B_Ch2_4
	         $5146 = SndData_BGM_4B_Ch3
	         $5151 = SndData_BGM_4B_Ch3.loop1
	         $5154 = SndData_BGM_4B_Ch3.loop0
	         $519b = SndCall_BGM_4B_Ch3_0
	         $51b2 = SndCall_BGM_4B_Ch3_1
	         $51c9 = SndCall_BGM_4B_Ch3_2
	         $51f0 = SndCall_BGM_4B_Ch3_3
	         $51fb = SndCall_BGM_4B_Ch3_4
	         $5222 = SndData_Unused_00039346
	         $5225 = SndHeader_BGM_04
	         $5226 = SndHeader_BGM_04.ch1
	         $522c = SndHeader_BGM_04.ch2
	         $5232 = SndHeader_BGM_04.ch3
	         $5238 = SndHeader_BGM_04.ch4
	         $523e = SndData_BGM_04_Ch1
	         $543c = SndCall_BGM_04_Ch1_0
	         $5475 = SndCall_BGM_04_Ch1_1
	         $54ae = SndCall_BGM_04_Ch1_2
	         $54d9 = SndCall_BGM_04_Ch1_3
	         $5502 = SndData_BGM_04_Ch2
	         $5733 = SndCall_BGM_04_Ch2_0
	         $5766 = SndCall_BGM_04_Ch2_1
	         $578f = SndCall_BGM_04_Ch2_2
	         $57b8 = SndCall_BGM_04_Ch2_3
	         $57eb = SndCall_BGM_04_Ch2_4
	         $5858 = SndCall_BGM_04_Ch2_5
	         $588b = SndData_BGM_04_Ch3
	         $5959 = SndCall_BGM_04_Ch3_0
	         $596b = SndCall_BGM_04_Ch3_1
	         $5994 = SndData_Unused_00039AB8
	         $5995 = SndHeader_BGM_08
	         $5996 = SndHeader_BGM_08.ch1
	         $599c = SndHeader_BGM_08.ch2
	         $59a2 = SndHeader_BGM_08.ch3
	         $59a8 = SndHeader_BGM_08.ch4
	         $59ae = SndData_BGM_08_Ch1
	         $5b7d = SndCall_BGM_08_Ch1_0
	         $5bdd = SndData_BGM_08_Ch2
	         $5c5c = SndCall_BGM_08_Ch2_0
	         $5cb0 = SndCall_BGM_08_Ch2_1
	         $5cff = SndCall_BGM_08_Ch2_2
	         $5e20 = SndCall_BGM_08_Ch2_3
	         $5f41 = SndCall_BGM_08_Ch2_4
	         $5f6a = SndCall_BGM_08_Ch2_4.loop1
	         $5fdc = SndData_BGM_08_Ch3
	         $6020 = SndCall_BGM_08_Ch3_0
	         $604e = SndCall_BGM_08_Ch3_1
	         $607f = SndCall_BGM_08_Ch3_2
	         $60b0 = SndData_Unused_0003A1D4
	         $60b3 = SndHeader_BGM_01
	         $60b4 = SndHeader_BGM_01.ch1
	         $60ba = SndHeader_BGM_01.ch2
	         $60c0 = SndHeader_BGM_01.ch3
	         $60c6 = SndHeader_BGM_01.ch4
	         $60cc = SndData_BGM_01_Ch1
	         $60fa = SndData_BGM_01_Ch1.loop0
	         $62c7 = SndCall_BGM_01_Ch1_0
	         $6395 = SndCall_BGM_01_Ch1_1
	         $63f8 = SndCall_BGM_01_Ch1_2
	         $6421 = SndCall_BGM_01_Ch1_3
	         $6464 = SndCall_BGM_01_Ch1_4
	         $647e = SndCall_BGM_01_Ch1_5
	         $64a9 = SndCall_BGM_01_Ch1_6
	         $64c1 = SndData_BGM_01_Ch2
	         $64f6 = SndData_BGM_01_Ch2.loop0
	         $654b = SndData_BGM_01_Ch2.loop1
	         $691c = SndCall_BGM_01_Ch1_7
	         $699d = SndCall_BGM_01_Ch1_8
	         $6a1e = SndCall_BGM_01_Ch1_9
	         $6a9f = SndCall_BGM_01_Ch2_3
	         $6af8 = SndCall_BGM_01_Ch2_4
	         $6ca2 = SndData_BGM_01_Ch3
	         $6d1d = SndData_BGM_01_Ch3.loop1
	         $6d83 = SndData_BGM_01_Ch3.loop0
	         $6df7 = SndCall_BGM_01_Ch3_0
	         $6e06 = SndCall_BGM_01_Ch3_1
	         $6e57 = SndCall_BGM_01_Ch3_2
	         $6edd = SndData_BGM_01_Ch4
	         $6f2f = SndData_BGM_01_Ch4.loop0
	         $6f38 = SndData_BGM_01_Ch4.loop1
	         $6f7d = SndData_BGM_01_Ch4.loop2
	         $6fac = SndData_BGM_01_Ch4.loop3
	         $70b7 = SndCall_BGM_01_Ch4_0
	         $70dd = SndCall_BGM_01_Ch4_1
	         $7108 = SndCall_BGM_01_Ch4_2
	         $7116 = SndCall_BGM_01_Ch4_3
	         $7137 = SndCall_BGM_01_Ch4_4
	         $715f = SndCall_BGM_01_Ch4_5
	         $718d = SndCall_BGM_01_Ch4_6
	         $71b7 = SndHeader_BGM_02
	         $71b8 = SndHeader_BGM_02.ch1
	         $71be = SndHeader_BGM_02.ch2
	         $71c4 = SndHeader_BGM_02.ch3
	         $71ca = SndHeader_BGM_02.ch4
	         $71d0 = SndData_BGM_02_Ch1
	         $74a7 = SndCall_BGM_02_Ch1_1
	         $74e1 = SndData_BGM_02_Ch2
	         $7b18 = SndCall_BGM_02_Ch2_2
	         $7b69 = SndData_BGM_02_Ch3
	         $7ce7 = SndData_BGM_02_Ch4
	         $7d47 = SndData_BGM_02_Ch4.loop0
	         $7d98 = SndData_BGM_02_Ch4.loop1
	         $7dc6 = SndData_BGM_02_Ch4.loop2
	         $7e2c = SndCall_BGM_02_Ch4_1
	         $7e51 = SndCall_BGM_02_Ch4_2
	EMPTY: $7e73-$7fff ($018d bytes)
	TOTAL EMPTY: $018d bytes

ROMX bank #3:
	SECTION: $4000-$4e75 ($0e76 bytes) ["Sound Driver - Bank 03"]
	         $4000 = Sound_Do_Main
	         $4000 = Sound_Do_03
	         $402f = Sound_Do_Main.loop
	         $4060 = Sound_UpdateVolPredict_03
	         $406e = Sound_UpdateVolPredict_03.inc
	         $4076 = Sound_UpdateVolPredict_03.dec
	         $407e = Sound_ReqPlayId_Main
	         $407e = Sound_ReqPlayId_03
	         $4092 = Sound_CmdS_StartSlide_03
	         $4096 = Sound_StartSlide_Main
	         $4096 = Sound_StartSlide_03
	         $40a4 = Sound_StartSlide_Main.fromCmd
	         $40c5 = Sound_StartSlide_Main.findOffs
	         $40dc = Sound_StartSlide_Main.setOffset
	         $40e4 = Sound_Div_03
	         $40f0 = Sound_Div_03.loop
	         $4102 = Sound_Div_03.shOut
	         $410b = Sound_SndChInfoPtrTable_03
	         $411b = Sound_SetVolume_Main
	         $411b = Sound_SetVolume_03
	         $4122 = Sound_DoFade_03
	         $4131 = Sound_DoFade_03.fadeIn
	         $4140 = Sound_DoFade_03.fadeInSetR
	         $414b = Sound_DoFade_03.fadeInSetL
	         $414d = Sound_DoFade_03.fadeInSet
	         $4153 = Sound_DoFade_03.fadeInChkEnd
	         $415c = Sound_DoFade_03.fadeOut
	         $416d = Sound_DoFade_03.fadeOutSetR
	         $4176 = Sound_DoFade_03.fadeOutSetL
	         $4178 = Sound_DoFade_03.fadeOutSet
	         $417f = Sound_DoFade_03.fadeOutEnd
	         $41a2 = Sound_ChkNewSnd_03
	         $41e9 = Sound_ChkNewSnd_03.checkSpecialCmd
	         $41fb = Sound_Cmd_FadeIn_03
	         $4202 = Sound_Cmd_FadeOut_03
	         $4205 = Sound_Cmd_FadeOut_03.setFade
	         $420e = Sound_Cmd_ChkSetChVol_03
	         $421b = Sound_Cmd_ChkSetChVol_03.ch4
	         $4226 = Sound_Cmd_ChkSetChVol_03.ch1
	         $4231 = Sound_Cmd_ChkSetChVol_03.ch2
	         $423c = Sound_Cmd_ChkSetChVol_03.ch3
	         $4245 = Sound_Cmd_SetChVol_03
	         $4252 = Sound_Cmd_SetChVol_03.ch3
	         $425b = Sound_Cmd_SetChVol_03.ch124
	         $4260 = Sound_Cmd_SetChVol_03.setVol
	         $4298 = Sound_FastSlideSFXtoC_8_03
	         $42ac = Sound_SlowSlideSFXtoF#4_03
	         $42c0 = Sound_PauseAll_03
	         $42de = Sound_UnpauseAll_03
	         $42fe = Sound_StartNewBGM_03
	         $430c = Sound_Unused_StartNewSFX1234Hi_03
	         $4313 = Sound_Unused_StartNewSFX1234Lo_03
	         $4319 = Sound_StartNewSFX1234_03
	         $4321 = Sound_Unused_StartNewSFX234Hi_03
	         $432b = Sound_StartNewSFX234_03
	         $4331 = Sound_StartNewSFX234_03.initSong
	         $4336 = Sound_Unused_InitSongFromHeaderToCh3_03
	         $433b = Sound_Unused_StartNewSFX4Hi_03
	         $4345 = Sound_StartNewSFX4_03
	         $434b = Sound_StartNewSFX4_03.initSong
	         $4350 = Sound_InitSongFromHeader_03
	         $4357 = Sound_InitSongFromHeader_03.chLoop
	         $4392 = Sound_InitSongFromHeader_03.skip
	         $43a0 = Sound_StartNothing_03
	         $43a1 = Sound_DoChSndInfo_03
	         $43a8 = Sound_DoChSndInfo_Vibrato_03
	         $43c4 = Sound_DoChSndInfo_Vibrato_03.getData
	         $43d2 = Sound_DoChSndInfo_Vibrato_03.resetIdx
	         $43db = Sound_DoChSndInfo_Vibrato_03.calcFreq
	         $43e7 = Sound_DoChSndInfo_Vibrato_03.offNeg
	         $43f1 = Sound_DoChSndInfo_Vibrato_03.offPos
	         $43fa = Sound_DoChSndInfo_Vibrato_03.writeReg
	         $4413 = Sound_DoChSndInfo_ChkSlide_03
	         $4418 = Sound_DoChSndInfo_ChkSlide_03.slideOk
	         $4423 = Sound_DoChSndInfo_ChkSlide_03.setFreq
	         $443d = Sound_DoChSndInfo_ChkSlide_03.tryUpdateRegs
	         $444f = Sound_DoChSndInfo_ChkSlide_03.ch3
	         $4455 = Sound_DoChSndInfo_ChkSlide_03.setRegs
	         $4469 = Sound_DoChSndInfo_Main_03
	         $4469 = Sound_DoChSndInfo_ChkSlide_03.end
	         $448c = Sound_DoChSndInfo_Loop_03
	         $4498 = Sound_DoChSndInfo_Loop_03.noHi__u5
	         $4498 = Sound_DoChSndInfo_Loop_03.chkIsCmd
	         $449c = Sound_DoChSndInfo_Loop_03.isCmd
	         $44aa = Sound_DoChSndInfo_Loop_03.notCmd
	         $44b2 = Sound_DoChSndInfo_Loop_03.isCh4
	         $44bb = Sound_DoChSndInfo_Loop_03.isCh123
	         $44cb = Sound_DoChSndInfo_Loop_03.readRegData
	         $44df = Sound_DoChSndInfo_Loop_03.chkRegDataMax
	         $44e8 = Sound_DoChSndInfo_Loop_03.chkRegDataMin
	         $44ef = Sound_DoChSndInfo_Loop_03.readRegDataOk
	         $44f6 = Sound_DoChSndInfo_Loop_03.updateRegs
	         $4509 = Sound_DoChSndInfo_Loop_03.updateNRx2
	         $450d = Sound_DoChSndInfo_Loop_03.updateNRx3
	         $4511 = Sound_DoChSndInfo_Loop_03.updateNRx4
	         $451e = Sound_DoChSndInfo_Loop_03.chkNewLength
	         $452e = Sound_DoChSndInfo_Loop_03.setLength
	         $4533 = Sound_DoChSndInfo_Loop_03.saveDataPtr
	         $454f = Sound_DoChSndInfo_Loop_03.chkMuteMode
	         $4557 = Sound_DoChSndInfo_Loop_03.chkMuteCh
	         $4566 = Sound_DoChSndInfo_Loop_03.chkReinit
	         $456a = Sound_DoChSndInfo_Loop_03.chkCh3EndType
	         $4588 = Sound_DoChSndInfo_Loop_03.ch3StopOnEnd
	         $4595 = Sound_DoChSndInfo_Loop_03.noStop
	         $459e = Sound_CmdPtrTbl_03
	         $45de = Sound_Cmd_Unused_StartSlide_03
	         $460b = Sound_Cmd_Unused_StartSlide_03.noHi__u6
	         $4618 = Sound_Cmd_WriteToNR31_03
	         $4624 = Sound_Cmd_WriteToNR31_03.noHi__u7
	         $4632 = Sound_Cmd_AddToBaseFreqId_03
	         $463e = Sound_Cmd_AddToBaseFreqId_03.noHi__u8
	         $4647 = Sound_Cmd_SetBaseFreqOff_03
	         $4653 = Sound_Cmd_SetBaseFreqOff_03.noHi__u9
	         $465f = Sound_Cmd_SetBaseFreqOff_03.offNeg
	         $4663 = Sound_Cmd_SetVibrato_03
	         $4673 = Sound_Cmd_SetVibrato_03.noHi__u10
	         $4681 = Sound_Cmd_ClrVibrato_03
	         $4688 = Sound_Cmd_UnlockNRx2_03
	         $468f = Sound_Cmd_LockNRx2_03
	         $4696 = Sound_Cmd_ExtendNote_03
	         $46a2 = Sound_Cmd_ExtendNote_03.noHi__u11
	         $46b8 = Sound_Cmd_SetPanning_03
	         $46c4 = Sound_Cmd_SetPanning_03.noHi__u12
	         $46f0 = Sound_Cmd_WriteToNRx2_03
	         $46fc = Sound_Cmd_WriteToNRx2_03.noHi__u13
	         $4714 = Sound_Cmd_WriteToNRx1_03
	         $4720 = Sound_Cmd_WriteToNRx1_03.noHi__u14
	         $4732 = Sound_Cmd_WriteToNR10_03
	         $473e = Sound_Cmd_WriteToNR10_03.noHi__u15
	         $474b = Sound_Cmd_JpFromLoopByTimer_03
	         $4757 = Sound_Cmd_JpFromLoopByTimer_03.noHi__u16
	         $4762 = Sound_Cmd_JpFromLoopByTimer_03.firstLoop
	         $4767 = Sound_Cmd_JpFromLoopByTimer_03.contLoop
	         $476a = Sound_Cmd_JpFromLoopByTimer_03.loopDone
	         $4776 = Sound_Cmd_JpFromLoopByTimer_03.doLoop
	         $4782 = Sound_Cmd_JpFromLoop_03
	         $4795 = Sound_Cmd_Call_03
	         $47b3 = Sound_Cmd_Ret_03
	         $47c7 = Sound_Cmd_SetWaveData_03
	         $47dc = Sound_Cmd_SetWaveData_03.noHi__u17
	         $47eb = Sound_Cmd_SetWaveData_03.loop
	         $47f8 = Sound_Cmd_ChanStopHiSFX4_03
	         $4802 = Sound_Cmd_ChanStopHiSFXMulti_03
	         $480a = Sound_Cmd_ChanStop_03
	         $481a = Sound_Cmd_ChanStop_03.bgmPlaying
	         $481f = Sound_Cmd_ChanStop_03.isBGM
	         $4822 = Sound_Cmd_ChanStop_03.isSFX
	         $4831 = Sound_Cmd_ChanStop_03.ch1ExtraClr
	         $483b = Sound_Cmd_ChanStop_03.ch3SkipChk
	         $483f = Sound_Cmd_ChanStop_03.ch3
	         $4845 = Sound_Cmd_ChanStop_03.cpAll
	         $4852 = Sound_Cmd_ChanStop_03.cpNRx2
	         $486b = Sound_Cmd_ChanStop_03.stopCh
	         $487d = Sound_Cmd_ChanStop_03.stopCh3
	         $4888 = Sound_Cmd_ChanStop_03.isFF
	         $488a = Sound_SetWaveDataCustom_03
	         $4899 = Sound_SetWaveDataCustom_03.loop
	         $48a4 = Sound_SilenceCh_03
	         $48b5 = Sound_WriteToReg_03
	         $48be = Sound_MarkSFXChUse_03
	         $48c2 = Sound_MarkSFXChUse_03.setSFXPlay
	         $48c5 = Sound_MarkSFXChUse_03.clrSFXPlay
	         $48cb = Sound_IndexPtrTable_03
	         $48d5 = Sound_StopAll_Main
	         $48d5 = Sound_StopAll_03
	         $492d = Sound_FreqDataTbl_03
	         $49c1 = Sound_WaveSetPtrTable_03
	         $49d5 = Sound_WaveSet_Unused_0_03
	         $49e5 = Sound_WaveSet1_03
	         $49f5 = Sound_WaveSet2_03
	         $4a05 = Sound_WaveSet_Unused_3_03
	         $4a15 = Sound_WaveSet_Unused_4_03
	         $4a25 = Sound_WaveSet5_03
	         $4a35 = Sound_WaveSet_Unused_6_03
	         $4a45 = Sound_WaveSet_Unused_7_03
	         $4a55 = Sound_WaveSet_Unused_8_03
	         $4a65 = Sound_WaveSet_Unused_9_03
	         $4a75 = Sound_VibratoSetTable_03
	         $4a93 = Sound_VibratoSet_Unused_0_03
	         $4aa0 = Sound_VibratoSet1_03
	         $4ab0 = Sound_VibratoSet1_03.loop
	         $4abb = Sound_VibratoSet_Unused_2_03
	         $4ac3 = Sound_VibratoSet_Unused_2_03.loop
	         $4ada = Sound_VibratoSet_Unused_3_03
	         $4afa = Sound_VibratoSet_Unused_3_03.loop
	         $4b08 = Sound_VibratoSet_Unused_4_03
	         $4b0f = Sound_VibratoSet_Unused_4_03.loop
	         $4b18 = Sound_VibratoSet_Unused_5_03
	         $4b28 = Sound_VibratoSet_Unused_5_03.loop
	         $4b37 = Sound_VibratoSet_Unused_6_03
	         $4b4f = Sound_VibratoSet_Unused_6_03.loop
	         $4b5c = Sound_VibratoSet_Unused_7_03
	         $4b73 = Sound_VibratoSet_Unused_7_03.loop
	         $4b91 = Sound_VibratoSet8_03
	         $4ba2 = Sound_VibratoSet9_03
	         $4c2d = Sound_SndListTable_Main
	         $4c2d = Sound_SndListTable_03
	         $4e76 = Sound_SndListTable_Main.end
	SECTION: $4e76-$7ea7 ($3032 bytes) ["Sound Data - Bank 03"]
	         $4e76 = SndHeader_BGM_4A
	         $4e77 = SndHeader_BGM_4A.ch1
	         $4e7d = SndHeader_BGM_4A.ch2
	         $4e83 = SndHeader_BGM_4A.ch3
	         $4e89 = SndHeader_BGM_4A.ch4
	         $4e8f = SndData_BGM_4A_Ch1
	         $4f16 = SndCall_BGM_4A_Ch1_0
	         $4f39 = SndData_BGM_4A_Ch2
	         $5005 = SndCall_BGM_4A_Ch2_1
	         $5029 = SndData_BGM_4A_Ch3
	         $5066 = SndData_BGM_4A_Ch4
	         $50e3 = SndHeader_BGM_40
	         $50e4 = SndHeader_BGM_40.ch1
	         $50ea = SndHeader_BGM_40.ch2
	         $50f0 = SndHeader_BGM_40.ch3
	         $50f6 = SndHeader_BGM_40.ch4
	         $50fc = SndData_BGM_40_Ch1
	         $5151 = SndData_BGM_40_Ch2
	         $51ec = SndData_BGM_40_Ch3
	         $520c = SndData_Unused_00035330
	         $520f = SndHeader_BGM_3E
	         $5210 = SndHeader_BGM_3E.ch1
	         $5216 = SndHeader_BGM_3E.ch2
	         $521c = SndHeader_BGM_3E.ch3
	         $5222 = SndHeader_BGM_3E.ch4
	         $5228 = SndData_BGM_3E_Ch1
	         $535d = SndCall_BGM_3E_Ch1_0
	         $53cc = SndCall_BGM_3E_Ch1_1
	         $53f8 = SndCall_BGM_3E_Ch1_2
	         $5430 = SndCall_BGM_3E_Ch1_3
	         $5455 = SndCall_BGM_3E_Ch1_4
	         $547b = SndData_BGM_3E_Ch2
	         $5800 = SndCall_BGM_3E_Ch2_0
	         $582e = SndCall_BGM_3E_Ch2_1
	         $5847 = SndCall_BGM_3E_Ch2_2
	         $5860 = SndCall_BGM_3E_Ch2_3
	         $586c = SndCall_BGM_3E_Ch2_4
	         $5877 = SndCall_BGM_3E_Ch2_5
	         $5882 = SndCall_BGM_3E_Ch2_6
	         $589f = SndCall_BGM_3E_Ch2_7
	         $58cd = SndCall_BGM_3E_Ch2_8
	         $58fb = SndCall_BGM_3E_Ch2_9
	         $593a = SndCall_BGM_3E_Ch2_A
	         $5961 = SndCall_BGM_3E_Ch2_B
	         $5981 = SndCall_BGM_3E_Ch2_C
	         $59fe = SndCall_BGM_3E_Ch2_D
	         $5a7f = SndCall_BGM_3E_Ch2_E
	         $5aec = SndData_BGM_3E_Ch3
	         $5bf4 = SndCall_BGM_3E_Ch3_0
	         $5c09 = SndCall_BGM_3E_Ch3_1
	         $5c38 = SndCall_BGM_3E_Ch3_2
	         $5c49 = SndCall_BGM_3E_Ch3_3
	         $5c56 = SndCall_BGM_3E_Ch3_4
	         $5c8e = SndCall_BGM_3E_Ch3_5
	         $5c9d = SndCall_BGM_3E_Ch3_6
	         $5cb0 = SndCall_BGM_3E_Ch3_7
	         $5cc8 = SndData_BGM_3E_Ch4
	         $5d4b = SndData_BGM_3E_Ch4.loop0
	         $5dae = SndCall_BGM_3E_Ch4_0
	         $5e22 = SndCall_BGM_3E_Ch4_1
	         $5e3b = SndCall_BGM_3E_Ch4_2
	         $5e54 = SndCall_BGM_3E_Ch4_3
	         $5e69 = SndCall_BGM_3E_Ch4_4
	         $5e7a = SndCall_BGM_3E_Ch4_5
	         $5e97 = SndCall_BGM_3E_Ch4_6
	         $5eb2 = SndCall_BGM_3E_Ch4_7
	         $5ecf = SndCall_BGM_3E_Ch4_8
	         $5f31 = SndCall_BGM_3E_Ch4_9
	         $5f48 = SndCall_BGM_3E_Ch4_A
	         $5f67 = SndCall_BGM_3E_Ch4_B
	         $5f86 = SndCall_BGM_3E_Ch4_C
	         $5f9c = SndCall_BGM_3E_Ch4_D
	         $5fbb = SndCall_BGM_3E_Ch4_E
	         $5fdc = SndCall_BGM_3E_Ch4_F
	         $5ff3 = SndCall_BGM_3E_Ch4_10
	         $6017 = SndCall_BGM_3E_Ch4_11
	         $603b = SndHeader_BGM_0B
	         $603c = SndHeader_BGM_0B.ch1
	         $6042 = SndHeader_BGM_0B.ch2
	         $6048 = SndHeader_BGM_0B.ch3
	         $604e = SndHeader_BGM_0B.ch4
	         $6054 = SndData_BGM_0B_Ch1
	         $614f = SndCall_BGM_0B_Ch1_0
	         $6185 = SndCall_BGM_0B_Ch1_1
	         $61bc = SndCall_BGM_0B_Ch1_2
	         $61ed = SndCall_BGM_0B_Ch1_3
	         $621e = SndCall_BGM_0B_Ch1_4
	         $6251 = SndData_BGM_0B_Ch2
	         $65d6 = SndCall_BGM_0B_Ch2_0
	         $666b = SndCall_BGM_0B_Ch2_1
	         $6700 = SndCall_BGM_0B_Ch2_2
	         $6726 = SndCall_BGM_0B_Ch2_3
	         $674c = SndCall_BGM_0B_Ch2_4
	         $6772 = SndCall_BGM_0B_Ch2_5
	         $6798 = SndCall_BGM_0B_Ch2_6
	         $67b2 = SndCall_BGM_0B_Ch2_7
	         $67cc = SndCall_BGM_0B_Ch2_8
	         $67e6 = SndCall_BGM_0B_Ch2_9
	         $6800 = SndData_BGM_0B_Ch3
	         $689d = SndCall_BGM_0B_Ch3_0
	         $68ce = SndCall_BGM_0B_Ch3_1
	         $68e8 = SndCall_BGM_0B_Ch3_2
	         $6905 = SndCall_BGM_0B_Ch3_3
	         $6914 = SndCall_BGM_0B_Ch3_4
	         $6922 = SndCall_BGM_0B_Ch3_5
	         $6932 = SndData_BGM_0B_Ch4
	         $6a29 = SndCall_BGM_0B_Ch4_0
	         $6a32 = SndCall_BGM_0B_Ch4_1
	         $6a67 = SndCall_BGM_0B_Ch4_2
	         $6a9c = SndHeader_BGM_0A
	         $6a9d = SndHeader_BGM_0A.ch1
	         $6aa3 = SndHeader_BGM_0A.ch2
	         $6aa9 = SndHeader_BGM_0A.ch3
	         $6aaf = SndHeader_BGM_0A.ch4
	         $6ab5 = SndData_BGM_0A_Ch1
	         $6ad9 = SndCall_BGM_0A_Ch1_0
	         $6c37 = SndCall_BGM_0A_Ch1_1
	         $6cc0 = SndCall_BGM_0A_Ch1_2
	         $6d38 = SndCall_BGM_0A_Ch1_3
	         $6d86 = SndCall_BGM_0A_Ch1_4
	         $6dd4 = SndCall_BGM_0A_Ch1_5
	         $6e04 = SndCall_BGM_0A_Ch1_6
	         $6e1e = SndCall_BGM_0A_Ch1_7
	         $6ec7 = SndData_BGM_0A_Ch2
	         $6f12 = SndCall_BGM_0A_Ch2_4
	         $6f9b = SndCall_BGM_0A_Ch2_5
	         $6fd1 = SndCall_BGM_0A_Ch2_6
	         $7032 = SndCall_BGM_0A_Ch2_7
	         $7060 = SndCall_BGM_0A_Ch2_8
	         $708e = SndCall_BGM_0A_Ch2_9
	         $70bc = SndData_BGM_0A_Ch3
	         $716b = SndCall_BGM_0A_Ch3_0
	         $71a8 = SndCall_BGM_0A_Ch3_1
	         $71e6 = SndCall_BGM_0A_Ch3_2
	         $71f3 = SndCall_BGM_0A_Ch3_3
	         $7200 = SndCall_BGM_0A_Ch3_4
	         $720d = SndCall_BGM_0A_Ch3_5
	         $722f = SndCall_BGM_0A_Ch3_6
	         $7262 = SndData_BGM_0A_Ch4
	         $73a3 = SndCall_BGM_0A_Ch4_0
	         $73f5 = SndCall_BGM_0A_Ch4_1
	         $7407 = SndCall_BGM_0A_Ch4_2
	         $7453 = SndCall_BGM_0A_Ch4_3
	         $7476 = SndCall_BGM_0A_Ch4_4
	         $74b8 = SndCall_BGM_0A_Ch4_5
	         $74da = SndHeader_BGM_09
	         $74db = SndHeader_BGM_09.ch1
	         $74e1 = SndHeader_BGM_09.ch2
	         $74e7 = SndHeader_BGM_09.ch3
	         $74ed = SndHeader_BGM_09.ch4
	         $74f3 = SndData_BGM_09_Ch1
	         $76d3 = SndCall_BGM_09_Ch1_0
	         $76de = SndCall_BGM_09_Ch1_1
	         $76e9 = SndCall_BGM_09_Ch1_2
	         $770b = SndCall_BGM_09_Ch1_3
	         $7727 = SndCall_BGM_09_Ch1_4
	         $773b = SndCall_BGM_09_Ch1_5
	         $774d = SndData_BGM_09_Ch2
	         $785e = SndData_BGM_09_Ch2.loop0
	         $7964 = SndData_BGM_09_Ch2.loop1
	         $7b72 = SndCall_BGM_09_Ch2_0
	         $7b91 = SndCall_BGM_09_Ch2_1
	         $7bb0 = SndCall_BGM_09_Ch2_2
	         $7bfb = SndCall_BGM_09_Ch2_3
	         $7c1e = SndCall_BGM_09_Ch2_4
	         $7c3a = SndCall_BGM_09_Ch2_5
	         $7c93 = SndCall_BGM_09_Ch2_6
	         $7cec = SndData_BGM_09_Ch3
	         $7e8e = SndCall_BGM_09_Ch3_0
	         $7ea5 = Padding_00037FC9
	EMPTY: $7ea8-$7fff ($0158 bytes)
	TOTAL EMPTY: $0158 bytes

WRAM0 bank #0:
	EMPTY: $c000-$d9ff ($1a00 bytes)
	SECTION: $da00-$db1f ($0120 bytes) ["Sound RAM"]
	         $da00 = wSnd_Unused_Set
	         $da01 = wSnd_Unused_SfxPriority
	         $da02 = wSndEnaChBGM
	         $da03 = wSndCh3DelayCut
	         $da04 = wSndChProcLeft
	         $da05 = wSndFadeStatus
	         $da06 = wSndFadeTimer
	         $da07 = wSndVolume
	         $da08 = wSndIdReqTbl
	         $da20 = wBGMCh1Info
	         $da40 = wBGMCh2Info
	         $da60 = wBGMCh3Info
	         $da80 = wBGMCh4Info
	         $daa0 = wSFXCh1Info
	         $dac0 = wSFXCh2Info
	         $dae0 = wSFXCh3Info
	         $db00 = wSFXCh4Info
	EMPTY: $db20-$dfff ($04e0 bytes)
	TOTAL EMPTY: $1ee0 bytes

HRAM bank #0:
	SECTION: $ff80-$ff87 ($0008 bytes) ["Stub Program"]
	         $ff80 = hVBlankDone
	         $ff81 = hJoyKeys
	         $ff82 = hJoyNewKeys
	         $ff83 = hCursorOpt
	         $ff84 = wFontLoadBit0Col
	         $ff85 = wFontLoadBit1Col
	         $ff86 = wFontLoadTmpGFX
	EMPTY: $ff88-$ffbf ($0038 bytes)
	SECTION: $ffc0-$ffc8 ($0009 bytes) ["Sound RAM High"]
	         $ffc0 = hSndInfoCurPtr_Low
	         $ffc1 = hSndInfoCurPtr_High
	         $ffc2 = hSndPlayCnt
	         $ffc3 = hSndPlaySetCnt
	         $ffc4 = hSndInfoCurDataPtr_Low
	         $ffc5 = hSndInfoCurDataPtr_High
	         $ffc6 = hSndChEnaMask
	         $ffc7 = hTemp
	         $ffc8 = hROMBank
	EMPTY: $ffc9-$fffe ($0036 bytes)
	TOTAL EMPTY: $006e bytes
